Change component parameters: Designator = "CN1" ("CN1"); Footprint = "CONN2_2601-1102_WAG"; UniqueID = "\OGKYAJIL" ("\OGKYAJIL")
Change component parameters (AddParameter): Name = "ComponentLink1Description"; Value = "Digikey"; VariantName = "[No Variations]"
Change component parameters (AddParameter): Name = "ComponentLink1URL"; Value = "https://www.digikey.com/en/products/detail/wago-corporation/2601-1102/17122694"; VariantName = "[No Variations]"
Change component parameters (AddParameter): Name = "Digikey Part Number"; Value = "2946-2601-1102-ND"; VariantName = "[No Variations]"
Change component parameters (AddParameter): Name = "Manufacturer Product Number"; Value = "2601-1102"; VariantName = "[No Variations]"
Change component parameters: Designator = "CN2" ("CN2"); Footprint = "CONN2_2601-1102_WAG"; UniqueID = "\KCJCZZUT" ("\KCJCZZUT")
Change component parameters (AddParameter): Name = "ComponentLink1Description"; Value = "Digikey"; VariantName = "[No Variations]"
Change component parameters (AddParameter): Name = "ComponentLink1URL"; Value = "https://www.digikey.com/en/products/detail/wago-corporation/2601-1102/17122694"; VariantName = "[No Variations]"
Change component parameters (AddParameter): Name = "Digikey Part Number"; Value = "2946-2601-1102-ND"; VariantName = "[No Variations]"
Change component parameters (AddParameter): Name = "Manufacturer Product Number"; Value = "2601-1102"; VariantName = "[No Variations]"
Change component parameters: Designator = "IC1" ("IC1"); Footprint = "VQFN25_RGY_TEX"; UniqueID = "\BKPRQXHL" ("\BKPRQXHL")
Change component parameters (AddParameter): Name = "ComponentLink1Description"; Value = "DigiKey"; VariantName = "[No Variations]"
Change component parameters (AddParameter): Name = "ComponentLink1URL"; Value = "https://www.digikey.com/en/products/detail/texas-instruments/LM25148RGYR/15857124"; VariantName = "[No Variations]"
Change component parameters (AddParameter): Name = "ComponentLink2Description"; Value = "Mouser"; VariantName = "[No Variations]"
Change component parameters (AddParameter): Name = "ComponentLink2URL"; Value = "https://eu.mouser.com/ProductDetail/Texas-Instruments/LM25148RGYR?qs=doiCPypUmgEViljGB5jAZw%3D%3D"; VariantName = "[No Variations]"
Change component parameters (AddParameter): Name = "DigiKey Part Number"; Value = "296-LM25148RGYRCT-ND"; VariantName = "[No Variations]"
Change component parameters (AddParameter): Name = "Manufacturer Product Number"; Value = "LM25148RGYR"; VariantName = "[No Variations]"
Change component parameters (AddParameter): Name = "Mouser Part Number"; Value = "595-LM25148RGYR"; VariantName = "[No Variations]"
Change component parameters: Designator = "L1" ("L1"); Footprint = "IHLP-3232DZ-51"; UniqueID = "\BFACPYRP" ("\BFACPYRP")
Change component parameters (AddParameter): Name = "case"; Value = "3232"; VariantName = "[No Variations]"
Change component parameters (AddParameter): Name = "ComponentLink1Description"; Value = "DigiKey"; VariantName = "[No Variations]"
Change component parameters (AddParameter): Name = "ComponentLink1URL"; Value = "https://www.digikey.com/en/products/detail/vishay-dale/IHLP3232DZER2R2M5A/4070222"; VariantName = "[No Variations]"
Change component parameters (AddParameter): Name = "ComponentLink2Description"; Value = "Mouser"; VariantName = "[No Variations]"
Change component parameters (AddParameter): Name = "ComponentLink2URL"; Value = "https://eu.mouser.com/ProductDetail/Vishay-Dale/IHLP3232DZER2R2M5A?qs=tDDpbAIEejr3%252BeiaEh99%252Bg%3D%3D"; VariantName = "[No Variations]"
Change component parameters (AddParameter): Name = "DigiKey Part Number"; Value = "541-IHLP3232DZER2R2M5ACT-ND"; VariantName = "[No Variations]"
Change component parameters (AddParameter): Name = "inductance"; Value = "2.2uH"; VariantName = "[No Variations]"
Change component parameters (AddParameter): Name = "Manufacturer Product Number"; Value = "IHLP3232DZER2R2M5A"; VariantName = "[No Variations]"
Change component parameters (AddParameter): Name = "Mouser Part Number"; Value = "70-IHLP3232DZR2R2M5A"; VariantName = "[No Variations]"
Change component parameters: Designator = "L2" ("L2"); Footprint = "INDP135126X65N"; UniqueID = "\KIVSGLDB" ("\KIVSGLDB")
Change component parameters (AddParameter): Name = "case"; Value = "13.5x12.6"; VariantName = "[No Variations]"
Change component parameters (AddParameter): Name = "ComponentLink1Description"; Value = "DigiKey"; VariantName = "[No Variations]"
Change component parameters (AddParameter): Name = "ComponentLink1URL"; Value = "https://www.digikey.com/en/products/detail/pulse-electronics/PA4343-103ANLT/7943151?s=N4IgTCBcDaIAoEEAsBmVA6AjABhQgcgDIAqIAugL5A"; VariantName = "[No Variations]"
Change component parameters (AddParameter): Name = "ComponentLink2Description"; Value = "Mouser"; VariantName = "[No Variations]"
Change component parameters (AddParameter): Name = "ComponentLink2URL"; Value = "https://eu.mouser.com/ProductDetail/Pulse-Electronics/PA4343.103ANLT?qs=chTDxNqvsym%252BWuIQdh7qfw%3D%3D"; VariantName = "[No Variations]"
Change component parameters (AddParameter): Name = "DigiKey Part Number"; Value = "553-4029-1-ND"; VariantName = "[No Variations]"
Change component parameters (AddParameter): Name = "inductance"; Value = "10uH"; VariantName = "[No Variations]"
Change component parameters (AddParameter): Name = "Manufacturer Product Number"; Value = "PA4343.103ANLT"; VariantName = "[No Variations]"
Change component parameters (AddParameter): Name = "Mouser Part Number"; Value = "673-PA4343.103ANLT"; VariantName = "[No Variations]"
Change component parameters: Designator = "Q_RP" ("Q_RP"); Footprint = "PowerPAK SO-8L SINGLE"; UniqueID = "\DBUCHKZU" ("\DBUCHKZU")
Change component parameters (AddParameter): Name = "ComponentLink1Description"; Value = "DigiKey"; VariantName = "[No Variations]"
Change component parameters (AddParameter): Name = "ComponentLink1URL"; Value = "https://www.digikey.com/en/products/detail/vishay-siliconix/SQJ459EP-T1-GE3/6708881"; VariantName = "[No Variations]"
Change component parameters (AddParameter): Name = "ComponentLink2Description"; Value = "Mouser"; VariantName = "[No Variations]"
Change component parameters (AddParameter): Name = "ComponentLink2URL"; Value = "https://eu.mouser.com/ProductDetail/Vishay-Siliconix/SQJ459EP-T2_BE3?qs=CiayqK2gdcKpg8h0vLRPjA%3D%3D"; VariantName = "[No Variations]"
Change component parameters (AddParameter): Name = "DigiKey Part Number"; Value = "SQJ459EP-T1_GE3CT-ND"; VariantName = "[No Variations]"
Change component parameters (AddParameter): Name = "Manufacturer Product Number"; Value = "SQJ459EP-T1_GE3"; VariantName = "[No Variations]"
Change component parameters (AddParameter): Name = "Mouser Part Number"; Value = "78-SQJ459EP-T2_BE3"; VariantName = "[No Variations]"
Change component parameters: Designator = "R2" ("R2"); Footprint = "RES_0603"; UniqueID = "\UQLHQMKH" ("\UQLHQMKH")
Change component parameters (AddParameter): Name = "ComponentLink1Description"; Value = "DigiKey"; VariantName = "[No Variations]"
Change component parameters (AddParameter): Name = "ComponentLink1URL"; Value = "https://www.digikey.com/en/products/detail/vishay-dale/CRCW060349K9FKEA/1180003"; VariantName = "[No Variations]"
Change component parameters (AddParameter): Name = "DigiKey Part Number"; Value = "541-49.9KHCT-ND"; VariantName = "[No Variations]"
Change component parameters (AddParameter): Name = "Manufacturer Product Number"; Value = "CRCW060349K9FKEA"; VariantName = "[No Variations]"
Change component parameters (AddParameter): Name = "resistance"; Value = "49.9kOhm"; VariantName = "[No Variations]"
Change component parameters: Designator = "R6" ("R6"); Footprint = "RES_0603"; UniqueID = "\WAAPNBWL" ("\WAAPNBWL")
Change component parameters (AddParameter): Name = "ComponentLink1Description"; Value = "DigiKey"; VariantName = "[No Variations]"
Change component parameters (AddParameter): Name = "ComponentLink1URL"; Value = "https://www.digikey.com/en/products/detail/panasonic-electronic-components/ERJ-3EKF2492V/196236"; VariantName = "[No Variations]"
Change component parameters (AddParameter): Name = "DigiKey Part Number"; Value = "P24.9KHCT-ND"; VariantName = "[No Variations]"
Change component parameters (AddParameter): Name = "Manufacturer Product Number"; Value = "ERJ-3EKF2492V"; VariantName = "[No Variations]"
Change component parameters (AddParameter): Name = "resistance"; Value = "24.9kOhm"; VariantName = "[No Variations]"
Change component parameters: Designator = "R8" ("R8"); Footprint = "RES_0402"; UniqueID = "\EEGUHGIN" ("\EEGUHGIN")
Change component parameters (AddParameter): Name = "ComponentLink1Description"; Value = "DigiKey"; VariantName = "[No Variations]"
Change component parameters (AddParameter): Name = "ComponentLink1URL"; Value = "https://www.digikey.com/en/products/detail/panasonic-electronic-components/ERJ-2GE0R00X/146727"; VariantName = "[No Variations]"
Change component parameters (AddParameter): Name = "DigiKey Part Number"; Value = "P0.0JCT-ND"; VariantName = "[No Variations]"
Change component parameters (AddParameter): Name = "Manufacturer Product Number"; Value = "ERJ-2GE0R00X"; VariantName = "[No Variations]"
Change component parameters (AddParameter): Name = "resistance"; Value = "0 Ohm Jump"; VariantName = "[No Variations]"
Change component parameters: Designator = "R9" ("R9"); Footprint = "RES_0603"; UniqueID = "\JEBTNNNX" ("\JEBTNNNX")
Change component parameters (AddParameter): Name = "ComponentLink1Description"; Value = "DigiKey"; VariantName = "[No Variations]"
Change component parameters (AddParameter): Name = "ComponentLink1URL"; Value = "https://www.digikey.com/en/products/detail/stackpole-electronics-inc/RMCF0603FG100K/1713543"; VariantName = "[No Variations]"
Change component parameters (AddParameter): Name = "DigiKey Part Number"; Value = "RMCF0603FG100KCT-ND"; VariantName = "[No Variations]"
Change component parameters (AddParameter): Name = "Manufacturer Product Number"; Value = "RMCF0603FG100K"; VariantName = "[No Variations]"
Change component parameters (AddParameter): Name = "resistance"; Value = "100kOhm"; VariantName = "[No Variations]"
Change component parameters: Designator = "R10" ("R10"); Footprint = "RES_0402"; UniqueID = "\BTTRWOZU" ("\BTTRWOZU")
Change component parameters (AddParameter): Name = "ComponentLink1Description"; Value = "DigiKey"; VariantName = "[No Variations]"
Change component parameters (AddParameter): Name = "ComponentLink1URL"; Value = "https://www.digikey.com/en/products/detail/panasonic-electronic-components/ERJ-2GE0R00X/146727"; VariantName = "[No Variations]"
Change component parameters (AddParameter): Name = "DigiKey Part Number"; Value = "P0.0JCT-ND"; VariantName = "[No Variations]"
Change component parameters (AddParameter): Name = "Manufacturer Product Number"; Value = "ERJ-2GE0R00X"; VariantName = "[No Variations]"
Change component parameters (AddParameter): Name = "resistance"; Value = "0 Ohm Jump"; VariantName = "[No Variations]"
Change component parameters: Designator = "R11" ("R11"); Footprint = "RES_0603"; UniqueID = "\YCIQRMPI" ("\YCIQRMPI")
Change component parameters (AddParameter): Name = "ComponentLink1Description"; Value = "DigiKey"; VariantName = "[No Variations]"
Change component parameters (AddParameter): Name = "ComponentLink1URL"; Value = "https://www.digikey.com/en/products/detail/panasonic-electronic-components/ERJ-3EKF4122V/196347"; VariantName = "[No Variations]"
Change component parameters (AddParameter): Name = "DigiKey Part Number"; Value = "P41.2KHCT-ND"; VariantName = "[No Variations]"
Change component parameters (AddParameter): Name = "Manufacturer Product Number"; Value = "ERJ-3EKF4122V"; VariantName = "[No Variations]"
Change component parameters (AddParameter): Name = "resistance"; Value = "41.2kOhm"; VariantName = "[No Variations]"
Change component parameters: Designator = "R12" ("R12"); Footprint = "RES_0603"; UniqueID = "\NZHCHVVA" ("\NZHCHVVA")
Change component parameters (AddParameter): Name = "ComponentLink1Description"; Value = "DigiKey"; VariantName = "[No Variations]"
Change component parameters (AddParameter): Name = "ComponentLink1URL"; Value = "https://www.digikey.com/en/products/detail/yageo/RT0603BRD0749K3L/5927964"; VariantName = "[No Variations]"
Change component parameters (AddParameter): Name = "DigiKey Part Number"; Value = "13-RT0603BRD0749K3LCT-ND"; VariantName = "[No Variations]"
Change component parameters (AddParameter): Name = "Manufacturer Product Number"; Value = "RT0603BRD0749K3L"; VariantName = "[No Variations]"
Change component parameters (AddParameter): Name = "resistance"; Value = "49.3kOhm"; VariantName = "[No Variations]"
Change component parameters: Designator = "R15" ("R15"); Footprint = "RES_1206"; UniqueID = "\DCYKJUHL" ("\DCYKJUHL")
Change component parameters (AddParameter): Name = "ComponentLink1Description"; Value = "DigiKey"; VariantName = "[No Variations]"
Change component parameters (AddParameter): Name = "ComponentLink1URL"; Value = "https://www.digikey.com/en/products/detail/stackpole-electronics-inc/CSR1206FKR200/1742391?s=N4IgTCBcDaIMIGUBKBGMAGAbAMQNJI3RAF0BfIA"; VariantName = "[No Variations]"
Change component parameters (AddParameter): Name = "DigiKey Part Number"; Value = "CSR1206FKR200CT-ND"; VariantName = "[No Variations]"
Change component parameters (AddParameter): Name = "Manufacturer Product Number"; Value = "CSR1206FKR200"; VariantName = "[No Variations]"
Change component parameters (AddParameter): Name = "resistance"; Value = "0.2Ohm"; VariantName = "[No Variations]"
Change component parameters: Designator = "R_RP" ("R_RP"); Footprint = "RES_0603"; UniqueID = "\MDRUMFVA" ("\MDRUMFVA")
Change component parameters (AddParameter): Name = "ComponentLink1Description"; Value = "DigiKey"; VariantName = "[No Variations]"
Change component parameters (AddParameter): Name = "ComponentLink1URL"; Value = "https://www.digikey.com/en/products/detail/yageo/RC0603FR-0747KL/727253"; VariantName = "[No Variations]"
Change component parameters (AddParameter): Name = "DigiKey Part Number"; Value = "311-47.0KHRCT-ND"; VariantName = "[No Variations]"
Change component parameters (AddParameter): Name = "Manufacturer Product Number"; Value = "RC0603FR-0747KL"; VariantName = "[No Variations]"
Change component parameters (AddParameter): Name = "resistance"; Value = "47kOhm"; VariantName = "[No Variations]"
Change component parameters: Designator = "RUV1" ("RUV1"); Footprint = "RES_0603"; UniqueID = "\YMNFPDQD" ("\YMNFPDQD")
Change component parameters (AddParameter): Name = "ComponentLink1Description"; Value = "DigiKey"; VariantName = "[No Variations]"
Change component parameters (AddParameter): Name = "ComponentLink1URL"; Value = "https://www.digikey.com/en/products/detail/yageo/RC0603FR-07200KL/727044"; VariantName = "[No Variations]"
Change component parameters (AddParameter): Name = "DigiKey Part Number"; Value = "311-200KHRCT-ND"; VariantName = "[No Variations]"
Change component parameters (AddParameter): Name = "Manufacturer Product Number"; Value = "RC0603FR-07200KL"; VariantName = "[No Variations]"
Change component parameters (AddParameter): Name = "resistance"; Value = "200kOhm"; VariantName = "[No Variations]"
Change component parameters: Designator = "RUV2" ("RUV2"); Footprint = "RES_0603"; UniqueID = "\ZXFKNWRS" ("\ZXFKNWRS")
Change component parameters (AddParameter): Name = "ComponentLink1Description"; Value = "DigiKey"; VariantName = "[No Variations]"
Change component parameters (AddParameter): Name = "ComponentLink1URL"; Value = "https://www.digikey.com/en/products/detail/stackpole-electronics-inc/RMCF0603FT14K3/1761296"; VariantName = "[No Variations]"
Change component parameters (AddParameter): Name = "DigiKey Part Number"; Value = "RMCF0603FT14K3CT-ND"; VariantName = "[No Variations]"
Change component parameters (AddParameter): Name = "Manufacturer Product Number"; Value = "RMCF0603FT14K3"; VariantName = "[No Variations]"
Change component parameters (AddParameter): Name = "resistance"; Value = "14.3kOhm"; VariantName = "[No Variations]"
Change component parameters: Designator = "SD1" ("SD1"); Footprint = "SODFL371X135-2N"; UniqueID = "\XEPBCXFL" ("\XEPBCXFL")
Change component parameters (AddParameter): Name = "ComponentLink1Description"; Value = "DigiKey"; VariantName = "[No Variations]"
Change component parameters (AddParameter): Name = "ComponentLink1URL"; Value = "https://www.digikey.com/en/products/detail/onsemi/BAT54T1G/918319"; VariantName = "[No Variations]"
Change component parameters (AddParameter): Name = "DigiKey Part Number"; Value = "BAT54T1GOSCT-ND"; VariantName = "[No Variations]"
Change component parameters (AddParameter): Name = "Manufacturer Product Number"; Value = "BAT54T1G"; VariantName = "[No Variations]"
Change component parameters: Designator = "ZD_RP" ("ZD_RP"); Footprint = "SOT95P245X96-3N"; UniqueID = "\KCHIGOLD" ("\KCHIGOLD")
Change component parameters (AddParameter): Name = "ComponentLink1Description"; Value = "DigiKey"; VariantName = "[No Variations]"
Change component parameters (AddParameter): Name = "ComponentLink1URL"; Value = "https://www.digikey.com/en/products/detail/vishay-general-semiconductor-diodes-division/DZ23C15-E3-08/4831460"; VariantName = "[No Variations]"
Change component parameters (AddParameter): Name = "DigiKey Part Number"; Value = "112-DZ23C15-E3-08CT-ND"; VariantName = "[No Variations]"
Change component parameters (AddParameter): Name = "Manufacturer Product Number"; Value = "DZ23C15-E3-08"; VariantName = "[No Variations]"
