Added Component: Designator=C19(CAP_1210)
Add component (AddParameter): Name = "capacitance"; Value = "22uF"; VariantName = "[No Variations]"
Add component (AddParameter): Name = "ComponentLink1Description"; Value = "DigiKey"; VariantName = "[No Variations]"
Add component (AddParameter): Name = "ComponentLink1URL"; Value = "https://www.digikey.com/en/products/detail/samsung-electro-mechanics/CL32B226KAJNNNE/3889050"; VariantName = "[No Variations]"
Add component (AddParameter): Name = "DigiKey Part Number"; Value = "1276-3392-1-ND"; VariantName = "[No Variations]"
Added Component: Designator=C20(CAP_1210)
Add component (AddParameter): Name = "capacitance"; Value = "22uF"; VariantName = "[No Variations]"
Add component (AddParameter): Name = "ComponentLink1Description"; Value = "DigiKey"; VariantName = "[No Variations]"
Add component (AddParameter): Name = "ComponentLink1URL"; Value = "https://www.digikey.com/en/products/detail/samsung-electro-mechanics/CL32B226KAJNNNE/3889050"; VariantName = "[No Variations]"
Add component (AddParameter): Name = "DigiKey Part Number"; Value = "1276-3392-1-ND"; VariantName = "[No Variations]"
Added Component: Designator=C21(CAP_1210)
Add component (AddParameter): Name = "capacitance"; Value = "22uF"; VariantName = "[No Variations]"
Add component (AddParameter): Name = "ComponentLink1Description"; Value = "DigiKey"; VariantName = "[No Variations]"
Add component (AddParameter): Name = "ComponentLink1URL"; Value = "https://www.digikey.com/en/products/detail/samsung-electro-mechanics/CL32B226KAJNNNE/3889050"; VariantName = "[No Variations]"
Add component (AddParameter): Name = "DigiKey Part Number"; Value = "1276-3392-1-ND"; VariantName = "[No Variations]"
Added Component: Designator=C22(CAP_1210)
Add component (AddParameter): Name = "capacitance"; Value = "22uF"; VariantName = "[No Variations]"
Add component (AddParameter): Name = "ComponentLink1Description"; Value = "DigiKey"; VariantName = "[No Variations]"
Add component (AddParameter): Name = "ComponentLink1URL"; Value = "https://www.digikey.com/en/products/detail/samsung-electro-mechanics/CL32B226KAJNNNE/3889050"; VariantName = "[No Variations]"
Add component (AddParameter): Name = "DigiKey Part Number"; Value = "1276-3392-1-ND"; VariantName = "[No Variations]"
Added Component: Designator=C23(CAPAE109103X103M)
Add component (AddParameter): Name = "capacitance"; Value = "330uF"; VariantName = "[No Variations]"
Add component (AddParameter): Name = "ComponentLink1Description"; Value = "DigiKey"; VariantName = "[No Variations]"
Add component (AddParameter): Name = "ComponentLink1URL"; Value = "https://www.digikey.com/en/products/detail/chemi-con/EMZR500ARA331MJA0G/5824768"; VariantName = "[No Variations]"
Add component (AddParameter): Name = "DigiKey Part Number"; Value = "565-EMZR500ARA331MJA0GCT-ND"; VariantName = "[No Variations]"
Add component (AddParameter): Name = "Manufacturer Product Number"; Value = "EMZR500ARA331MJA0G"; VariantName = "[No Variations]"
Added Component: Designator=C24(CAPAE109103X103M)
Add component (AddParameter): Name = "capacitance"; Value = "330uF"; VariantName = "[No Variations]"
Add component (AddParameter): Name = "ComponentLink1Description"; Value = "DigiKey"; VariantName = "[No Variations]"
Add component (AddParameter): Name = "ComponentLink1URL"; Value = "https://www.digikey.com/en/products/detail/chemi-con/EMZR500ARA331MJA0G/5824768"; VariantName = "[No Variations]"
Add component (AddParameter): Name = "DigiKey Part Number"; Value = "565-EMZR500ARA331MJA0GCT-ND"; VariantName = "[No Variations]"
Add component (AddParameter): Name = "Manufacturer Product Number"; Value = "EMZR500ARA331MJA0G"; VariantName = "[No Variations]"
Added Pin To Net: NetName=R_SENSE_N Pin=C19-1
Added Pin To Net: NetName=GND Pin=C19-2
Added Pin To Net: NetName=R_SENSE_N Pin=C20-1
Added Pin To Net: NetName=GND Pin=C20-2
Added Pin To Net: NetName=GND Pin=C21-1
Added Pin To Net: NetName=R_SENSE_N Pin=C21-2
Added Pin To Net: NetName=R_SENSE_N Pin=C22-1
Added Pin To Net: NetName=GND Pin=C22-2
Added Pin To Net: NetName=GND Pin=C23-1
Added Pin To Net: NetName=R_SENSE_N Pin=C23-2
Added Pin To Net: NetName=GND Pin=C24-1
Added Pin To Net: NetName=R_SENSE_N Pin=C24-2
Added Member To Class: ClassName=LM25148_eval_BRD Member=Component C19 22uF
Added Member To Class: ClassName=LM25148_eval_BRD Member=Component C20 22uF
Added Member To Class: ClassName=LM25148_eval_BRD Member=Component C21 22uF
Added Member To Class: ClassName=LM25148_eval_BRD Member=Component C22 22uF
Added Member To Class: ClassName=LM25148_eval_BRD Member=Component C23 330uF
Added Member To Class: ClassName=LM25148_eval_BRD Member=Component C24 330uF
